C:\Users\User\Desktop\SEN\Tienda\Tienda.Application\Services\AuthService.cs(2,17): error CS0234: El tipo o el nombre del espacio de nombres 'IdentityModel' no existe en el espacio de nombres 'Microsoft' (┬┐falta alguna referencia de ensamblado?) [C:\Users\User\Desktop\SEN\Tienda\Tienda.Application\Tienda.Application.csproj]
C:\Users\User\Desktop\SEN\Tienda\Tienda.Application\Services\AuthService.cs(3,14): error CS0234: El tipo o el nombre del espacio de nombres 'IdentityModel' no existe en el espacio de nombres 'System' (┬┐falta alguna referencia de ensamblado?) [C:\Users\User\Desktop\SEN\Tienda\Tienda.Application\Tienda.Application.csproj]

ERROR al compilar.
    0 Advertencia(s)
    2 Errores

Tiempo transcurrido 00:00:02.71

Hay actualizaciones de carga de trabajo disponibles. Ejecute "dotnet workload list" para obtener m├ís informaci├│n.
